Archive member included to satisfy reference by file (symbol)

f:/program files/gcc-arm/bin/../lib/gcc/arm-none-eabi/9.2.1/thumb/v6-m/nofp\libgcc.a(_udivsi3.o)
                              CMakeFiles/L-ink_Card.elf.dir/Drivers/STM32L0xx_HAL_Driver/Src/stm32l0xx_hal.c.obj (__aeabi_uidiv)
f:/program files/gcc-arm/bin/../lib/gcc/arm-none-eabi/9.2.1/thumb/v6-m/nofp\libgcc.a(_dvmd_tls.o)
                              f:/program files/gcc-arm/bin/../lib/gcc/arm-none-eabi/9.2.1/thumb/v6-m/nofp\libgcc.a(_udivsi3.o) (__aeabi_idiv0)
f:/program files/gcc-arm/bin/../lib/gcc/arm-none-eabi/9.2.1/thumb/v6-m/nofp\libgcc.a(_aeabi_uldivmod.o)
                              CMakeFiles/L-ink_Card.elf.dir/Drivers/STM32L0xx_HAL_Driver/Src/stm32l0xx_hal_uart.c.obj (__aeabi_uldivmod)
f:/program files/gcc-arm/bin/../lib/gcc/arm-none-eabi/9.2.1/thumb/v6-m/nofp\libgcc.a(_udivmoddi4.o)
                              f:/program files/gcc-arm/bin/../lib/gcc/arm-none-eabi/9.2.1/thumb/v6-m/nofp\libgcc.a(_aeabi_uldivmod.o) (__udivmoddi4)
f:/program files/gcc-arm/bin/../lib/gcc/arm-none-eabi/9.2.1/thumb/v6-m/nofp\libgcc.a(_clzdi2.o)
                              f:/program files/gcc-arm/bin/../lib/gcc/arm-none-eabi/9.2.1/thumb/v6-m/nofp\libgcc.a(_udivmoddi4.o) (__clzdi2)
f:/program files/gcc-arm/bin/../lib/gcc/arm-none-eabi/9.2.1/thumb/v6-m/nofp\libgcc.a(_clzsi2.o)
                              f:/program files/gcc-arm/bin/../lib/gcc/arm-none-eabi/9.2.1/thumb/v6-m/nofp\libgcc.a(_clzdi2.o) (__clzsi2)
f:/program files/gcc-arm/bin/../lib/gcc/arm-none-eabi/9.2.1/../../../../arm-none-eabi/lib/thumb/v6-m/nofp\libg_nano.a(lib_a-errno.o)
                              CMakeFiles/L-ink_Card.elf.dir/Src/syscalls.c.obj (__errno)
f:/program files/gcc-arm/bin/../lib/gcc/arm-none-eabi/9.2.1/../../../../arm-none-eabi/lib/thumb/v6-m/nofp\libg_nano.a(lib_a-exit.o)
                              f:/program files/gcc-arm/bin/../lib/gcc/arm-none-eabi/9.2.1/../../../../arm-none-eabi/lib/thumb/v6-m/nofp/crt0.o (exit)
f:/program files/gcc-arm/bin/../lib/gcc/arm-none-eabi/9.2.1/../../../../arm-none-eabi/lib/thumb/v6-m/nofp\libg_nano.a(lib_a-impure.o)
                              f:/program files/gcc-arm/bin/../lib/gcc/arm-none-eabi/9.2.1/../../../../arm-none-eabi/lib/thumb/v6-m/nofp\libg_nano.a(lib_a-exit.o) (_global_impure_ptr)
f:/program files/gcc-arm/bin/../lib/gcc/arm-none-eabi/9.2.1/../../../../arm-none-eabi/lib/thumb/v6-m/nofp\libg_nano.a(lib_a-init.o)
                              f:/program files/gcc-arm/bin/../lib/gcc/arm-none-eabi/9.2.1/../../../../arm-none-eabi/lib/thumb/v6-m/nofp/crt0.o (__libc_init_array)
f:/program files/gcc-arm/bin/../lib/gcc/arm-none-eabi/9.2.1/../../../../arm-none-eabi/lib/thumb/v6-m/nofp\libg_nano.a(lib_a-memset.o)
                              f:/program files/gcc-arm/bin/../lib/gcc/arm-none-eabi/9.2.1/../../../../arm-none-eabi/lib/thumb/v6-m/nofp/crt0.o (memset)
f:/program files/gcc-arm/bin/../lib/gcc/arm-none-eabi/9.2.1/../../../../arm-none-eabi/lib/thumb/v6-m/nofp\libg_nano.a(lib_a-printf.o)
                              CMakeFiles/L-ink_Card.elf.dir/Drivers/BSP/ST25DV/app_nfc.c.obj (printf)
f:/program files/gcc-arm/bin/../lib/gcc/arm-none-eabi/9.2.1/../../../../arm-none-eabi/lib/thumb/v6-m/nofp\libg_nano.a(lib_a-puts.o)
                              CMakeFiles/L-ink_Card.elf.dir/Drivers/BSP/E-Paper-Display/epd_w21.c.obj (puts)
f:/program files/gcc-arm/bin/../lib/gcc/arm-none-eabi/9.2.1/../../../../arm-none-eabi/lib/thumb/v6-m/nofp\libg_nano.a(lib_a-wbuf.o)
                              f:/program files/gcc-arm/bin/../lib/gcc/arm-none-eabi/9.2.1/../../../../arm-none-eabi/lib/thumb/v6-m/nofp\libg_nano.a(lib_a-puts.o) (__swbuf_r)
f:/program files/gcc-arm/bin/../lib/gcc/arm-none-eabi/9.2.1/../../../../arm-none-eabi/lib/thumb/v6-m/nofp\libg_nano.a(lib_a-wsetup.o)
                              f:/program files/gcc-arm/bin/../lib/gcc/arm-none-eabi/9.2.1/../../../../arm-none-eabi/lib/thumb/v6-m/nofp\libg_nano.a(lib_a-puts.o) (__swsetup_r)
f:/program files/gcc-arm/bin/../lib/gcc/arm-none-eabi/9.2.1/../../../../arm-none-eabi/lib/thumb/v6-m/nofp\libg_nano.a(lib_a-fflush.o)
                              f:/program files/gcc-arm/bin/../lib/gcc/arm-none-eabi/9.2.1/../../../../arm-none-eabi/lib/thumb/v6-m/nofp\libg_nano.a(lib_a-wbuf.o) (_fflush_r)
f:/program files/gcc-arm/bin/../lib/gcc/arm-none-eabi/9.2.1/../../../../arm-none-eabi/lib/thumb/v6-m/nofp\libg_nano.a(lib_a-findfp.o)
                              f:/program files/gcc-arm/bin/../lib/gcc/arm-none-eabi/9.2.1/../../../../arm-none-eabi/lib/thumb/v6-m/nofp\libg_nano.a(lib_a-printf.o) (__sinit)
f:/program files/gcc-arm/bin/../lib/gcc/arm-none-eabi/9.2.1/../../../../arm-none-eabi/lib/thumb/v6-m/nofp\libg_nano.a(lib_a-fwalk.o)
                              f:/program files/gcc-arm/bin/../lib/gcc/arm-none-eabi/9.2.1/../../../../arm-none-eabi/lib/thumb/v6-m/nofp\libg_nano.a(lib_a-findfp.o) (_fwalk)
[...]
Memory Configuration

Name             Origin             Length             Attributes
RAM              0x20000000         0x00003c00         xrw
FLASH            0x08000000         0x00010000         xr
*default*        0x00000000         0xffffffff

Linker script and memory map

LOAD f:/program files/gcc-arm/bin/../lib/gcc/arm-none-eabi/9.2.1/thumb/v6-m/nofp/crti.o
LOAD f:/program files/gcc-arm/bin/../lib/gcc/arm-none-eabi/9.2.1/thumb/v6-m/nofp/crtbegin.o
LOAD f:/program files/gcc-arm/bin/../lib/gcc/arm-none-eabi/9.2.1/../../../../arm-none-eabi/lib/thumb/v6-m/nofp/crt0.o
LOAD CMakeFiles/L-ink_Card.elf.dir/Drivers/BSP/Components/ST25DV/st25dv.c.obj
LOAD CMakeFiles/L-ink_Card.elf.dir/Drivers/BSP/Components/ST25DV/st25dv_reg.c.obj
LOAD CMakeFiles/L-ink_Card.elf.dir/Drivers/BSP/E-Paper-Display/epd_w21.c.obj
LOAD CMakeFiles/L-ink_Card.elf.dir/Drivers/BSP/NFC04A1/nfc04a1.c.obj
LOAD CMakeFiles/L-ink_Card.elf.dir/Drivers/BSP/NFC04A1/nfc04a1_nfctag.c.obj
LOAD CMakeFiles/L-ink_Card.elf.dir/Drivers/BSP/ST25DV/app_nfc.c.obj
LOAD CMakeFiles/L-ink_Card.elf.dir/Drivers/STM32L0xx_HAL_Driver/Src/stm32l0xx_hal.c.obj
LOAD CMakeFiles/L-ink_Card.elf.dir/Drivers/STM32L0xx_HAL_Driver/Src/stm32l0xx_hal_cortex.c.obj
LOAD CMakeFiles/L-ink_Card.elf.dir/Drivers/STM32L0xx_HAL_Driver/Src/stm32l0xx_hal_dma.c.obj
LOAD CMakeFiles/L-ink_Card.elf.dir/Drivers/STM32L0xx_HAL_Driver/Src/stm32l0xx_hal_flash.c.obj
LOAD CMakeFiles/L-ink_Card.elf.dir/Drivers/STM32L0xx_HAL_Driver/Src/stm32l0xx_hal_flash_ex.c.obj
LOAD CMakeFiles/L-ink_Card.elf.dir/Drivers/STM32L0xx_HAL_Driver/Src/stm32l0xx_hal_flash_ramfunc.c.obj
LOAD CMakeFiles/L-ink_Card.elf.dir/Drivers/STM32L0xx_HAL_Driver/Src/stm32l0xx_hal_gpio.c.obj
LOAD CMakeFiles/L-ink_Card.elf.dir/Drivers/STM32L0xx_HAL_Driver/Src/stm32l0xx_hal_i2c.c.obj
LOAD CMakeFiles/L-ink_Card.elf.dir/Drivers/STM32L0xx_HAL_Driver/Src/stm32l0xx_hal_i2c_ex.c.obj
LOAD CMakeFiles/L-ink_Card.elf.dir/Drivers/STM32L0xx_HAL_Driver/Src/stm32l0xx_hal_pwr.c.obj
LOAD CMakeFiles/L-ink_Card.elf.dir/Drivers/STM32L0xx_HAL_Driver/Src/stm32l0xx_hal_pwr_ex.c.obj
LOAD CMakeFiles/L-ink_Card.elf.dir/Drivers/STM32L0xx_HAL_Driver/Src/stm32l0xx_hal_rcc.c.obj
LOAD CMakeFiles/L-ink_Card.elf.dir/Drivers/STM32L0xx_HAL_Driver/Src/stm32l0xx_hal_rcc_ex.c.obj
LOAD CMakeFiles/L-ink_Card.elf.dir/Drivers/STM32L0xx_HAL_Driver/Src/stm32l0xx_hal_tim.c.obj
LOAD CMakeFiles/L-ink_Card.elf.dir/Drivers/STM32L0xx_HAL_Driver/Src/stm32l0xx_hal_tim_ex.c.obj
LOAD CMakeFiles/L-ink_Card.elf.dir/Drivers/STM32L0xx_HAL_Driver/Src/stm32l0xx_hal_uart.c.obj
LOAD CMakeFiles/L-ink_Card.elf.dir/Drivers/STM32L0xx_HAL_Driver/Src/stm32l0xx_hal_uart_ex.c.obj
LOAD CMakeFiles/L-ink_Card.elf.dir/Src/custom_bus.c.obj
LOAD CMakeFiles/L-ink_Card.elf.dir/Src/gpio.c.obj
LOAD CMakeFiles/L-ink_Card.elf.dir/Src/main.c.obj
LOAD CMakeFiles/L-ink_Card.elf.dir/Src/stm32l0xx_hal_exti.c.obj
LOAD CMakeFiles/L-ink_Card.elf.dir/Src/stm32l0xx_hal_msp.c.obj
LOAD CMakeFiles/L-ink_Card.elf.dir/Src/stm32l0xx_it.c.obj
LOAD CMakeFiles/L-ink_Card.elf.dir/Src/syscalls.c.obj
LOAD CMakeFiles/L-ink_Card.elf.dir/Src/system_stm32l0xx.c.obj
LOAD CMakeFiles/L-ink_Card.elf.dir/Src/usart.c.obj
LOAD CMakeFiles/L-ink_Card.elf.dir/startup/startup_stm32l051xx.s.obj
START GROUP
LOAD f:/program files/gcc-arm/bin/../lib/gcc/arm-none-eabi/9.2.1/thumb/v6-m/nofp\libgcc.a
LOAD f:/program files/gcc-arm/bin/../lib/gcc/arm-none-eabi/9.2.1/../../../../arm-none-eabi/lib/thumb/v6-m/nofp\libg_nano.a
LOAD f:/program files/gcc-arm/bin/../lib/gcc/arm-none-eabi/9.2.1/../../../../arm-none-eabi/lib/thumb/v6-m/nofp\libc_nano.a
END GROUP
START GROUP
LOAD f:/program files/gcc-arm/bin/../lib/gcc/arm-none-eabi/9.2.1/thumb/v6-m/nofp\libgcc.a
LOAD f:/program files/gcc-arm/bin/../lib/gcc/arm-none-eabi/9.2.1/../../../../arm-none-eabi/lib/thumb/v6-m/nofp\libc_nano.a
LOAD f:/program files/gcc-arm/bin/../lib/gcc/arm-none-eabi/9.2.1/../../../../arm-none-eabi/lib/thumb/v6-m/nofp\libnosys.a
END GROUP
START GROUP
LOAD f:/program files/gcc-arm/bin/../lib/gcc/arm-none-eabi/9.2.1/thumb/v6-m/nofp\libgcc.a
LOAD f:/program files/gcc-arm/bin/../lib/gcc/arm-none-eabi/9.2.1/../../../../arm-none-eabi/lib/thumb/v6-m/nofp\libc_nano.a
LOAD f:/program files/gcc-arm/bin/../lib/gcc/arm-none-eabi/9.2.1/../../../../arm-none-eabi/lib/thumb/v6-m/nofp\libnosys.a
END GROUP
LOAD f:/program files/gcc-arm/bin/../lib/gcc/arm-none-eabi/9.2.1/thumb/v6-m/nofp/crtend.o
LOAD f:/program files/gcc-arm/bin/../lib/gcc/arm-none-eabi/9.2.1/thumb/v6-m/nofp/crtn.o
                0x20002000                _estack = 0x20002000
                0x00002000                _Min_Heap_Size = 0x2000
                0x00000400                _Min_Stack_Size = 0x400

.isr_vector     0x08000000       0xc0
                0x08000000                . = ALIGN (0x4)
 *(.isr_vector)
 .isr_vector    0x08000000       0xc0 CMakeFiles/L-ink_Card.elf.dir/startup/startup_stm32l051xx.s.obj
                0x08000000                g_pfnVectors
                0x080000c0                . = ALIGN (0x4)

.text           0x080000c0     0x36cc
                0x080000c0                . = ALIGN (0x4)
 *(.text)
 .text          0x080000c0       0x48 f:/program files/gcc-arm/bin/../lib/gcc/arm-none-eabi/9.2.1/thumb/v6-m/nofp/crtbegin.o
 .text          0x08000108      0x114 f:/program files/gcc-arm/bin/../lib/gcc/arm-none-eabi/9.2.1/thumb/v6-m/nofp\libgcc.a(_udivsi3.o)
                0x08000108                __aeabi_uidiv
                0x08000108                __udivsi3
                0x08000214                __aeabi_uidivmod
 .text          0x0800021c        0x4 f:/program files/gcc-arm/bin/../lib/gcc/arm-none-eabi/9.2.1/thumb/v6-m/nofp\libgcc.a(_dvmd_tls.o)
                0x0800021c                __aeabi_idiv0
                0x0800021c                __aeabi_ldiv0
 .text          0x08000220       0x40 f:/program files/gcc-arm/bin/../lib/gcc/arm-none-eabi/9.2.1/thumb/v6-m/nofp\libgcc.a(_aeabi_uldivmod.o)
                0x08000220                __aeabi_uldivmod
 .text          0x08000260      0x198 f:/program files/gcc-arm/bin/../lib/gcc/arm-none-eabi/9.2.1/thumb/v6-m/nofp\libgcc.a(_udivmoddi4.o)
                0x08000260                __udivmoddi4
 .text          0x080003f8       0x18 f:/program files/gcc-arm/bin/../lib/gcc/arm-none-eabi/9.2.1/thumb/v6-m/nofp\libgcc.a(_clzdi2.o)
                0x080003f8                __clzdi2
 .text          0x08000410       0x3c f:/program files/gcc-arm/bin/../lib/gcc/arm-none-eabi/9.2.1/thumb/v6-m/nofp\libgcc.a(_clzsi2.o)
                0x08000410                __clzsi2
 *(.text*)
 .text.DriverDelay
                0x0800044c       0x18 CMakeFiles/L-ink_Card.elf.dir/Drivers/BSP/E-Paper-Display/epd_w21.c.obj
                0x0800044c                DriverDelay
 .text.SpiDelay
                0x08000464       0x4a CMakeFiles/L-ink_Card.elf.dir/Drivers/BSP/E-Paper-Display/epd_w21.c.obj
                0x08000464                SpiDelay
 .text.SpiWrite
                0x080004ae       0x9c CMakeFiles/L-ink_Card.elf.dir/Drivers/BSP/E-Paper-Display/epd_w21.c.obj
                0x080004ae                SpiWrite
 *fill*         0x0800054a        0x2 
 .text.EpdW21WriteCommand
                0x0800054c       0x4c CMakeFiles/L-ink_Card.elf.dir/Drivers/BSP/E-Paper-Display/epd_w21.c.obj
 .text.EpdW21WriteData
                0x08000598       0x4c CMakeFiles/L-ink_Card.elf.dir/Drivers/BSP/E-Paper-Display/epd_w21.c.obj
 .text.EpdW21Write
                0x080005e4       0xa0 CMakeFiles/L-ink_Card.elf.dir/Drivers/BSP/E-Paper-Display/epd_w21.c.obj
 .text.ReadBusy
                0x08000684       0x40 CMakeFiles/L-ink_Card.elf.dir/Drivers/BSP/E-Paper-Display/epd_w21.c.obj
 .text.EpdW21Reset
                0x080006c4       0x44 CMakeFiles/L-ink_Card.elf.dir/Drivers/BSP/E-Paper-Display/epd_w21.c.obj
 .text.EpdW21SetWindows
                0x08000708       0x28 CMakeFiles/L-ink_Card.elf.dir/Drivers/BSP/E-Paper-Display/epd_w21.c.obj
 .text.EpdW21SetCursor
                0x08000730       0x28 CMakeFiles/L-ink_Card.elf.dir/Drivers/BSP/E-Paper-Display/epd_w21.c.obj
 .text.EpdW21SetLut
                0x08000758       0x54 CMakeFiles/L-ink_Card.elf.dir/Drivers/BSP/E-Paper-Display/epd_w21.c.obj
 .text.EpdW21DispInit
                0x080007ac       0x84 CMakeFiles/L-ink_Card.elf.dir/Drivers/BSP/E-Paper-Display/epd_w21.c.obj
 .text.moduleInit
                0x08000830       0x34 CMakeFiles/L-ink_Card.elf.dir/Drivers/BSP/E-Paper-Display/epd_w21.c.obj
                0x08000830                moduleInit
 .text.EpdW21Init
                0x08000864       0x12 CMakeFiles/L-ink_Card.elf.dir/Drivers/BSP/E-Paper-Display/epd_w21.c.obj
                0x08000864                EpdW21Init
 *fill*         0x08000876        0x2 
 .text.EpdW21Clear
                0x08000878       0xe4 CMakeFiles/L-ink_Card.elf.dir/Drivers/BSP/E-Paper-Display/epd_w21.c.obj
                0x08000878                EpdW21Clear
 .text.EpdW21Display
                0x0800095c       0xbc CMakeFiles/L-ink_Card.elf.dir/Drivers/BSP/E-Paper-Display/epd_w21.c.obj
                0x0800095c                EpdW21Display
 .text.HAL_Init
                0x08000a18       0x40 CMakeFiles/L-ink_Card.elf.dir/Drivers/STM32L0xx_HAL_Driver/Src/stm32l0xx_hal.c.obj
                0x08000a18                HAL_Init
 .text.HAL_InitTick
                0x08000a58       0x54 CMakeFiles/L-ink_Card.elf.dir/Drivers/STM32L0xx_HAL_Driver/Src/stm32l0xx_hal.c.obj
                0x08000a58                HAL_InitTick
 .text.HAL_IncTick
                0x08000aac       0x18 CMakeFiles/L-ink_Card.elf.dir/Drivers/STM32L0xx_HAL_Driver/Src/stm32l0xx_hal.c.obj
                0x08000aac                HAL_IncTick
 .text.HAL_GetTick
                0x08000ac4       0x14 CMakeFiles/L-ink_Card.elf.dir/Drivers/STM32L0xx_HAL_Driver/Src/stm32l0xx_hal.c.obj
                0x08000ac4                HAL_GetTick
 .text.HAL_Delay
                0x08000ad8       0x3c CMakeFiles/L-ink_Card.elf.dir/Drivers/STM32L0xx_HAL_Driver/Src/stm32l0xx_hal.c.obj
                0x08000ad8                HAL_Delay
 .text.NVIC_EnableIRQ
                0x08000b14       0x2c CMakeFiles/L-ink_Card.elf.dir/Drivers/STM32L0xx_HAL_Driver/Src/stm32l0xx_hal_cortex.c.obj
 .text.NVIC_SetPriority
                0x08000b40       0xdc CMakeFiles/L-ink_Card.elf.dir/Drivers/STM32L0xx_HAL_Driver/Src/stm32l0xx_hal_cortex.c.obj
 .text.SysTick_Config
                0x08000c1c       0x48 CMakeFiles/L-ink_Card.elf.dir/Drivers/STM32L0xx_HAL_Driver/Src/stm32l0xx_hal_cortex.c.obj
 .text.HAL_NVIC_SetPriority
                0x08000c64       0x2a CMakeFiles/L-ink_Card.elf.dir/Drivers/STM32L0xx_HAL_Driver/Src/stm32l0xx_hal_cortex.c.obj
                0x08000c64                HAL_NVIC_SetPriority
 .text.HAL_NVIC_EnableIRQ
                0x08000c8e       0x20 CMakeFiles/L-ink_Card.elf.dir/Drivers/STM32L0xx_HAL_Driver/Src/stm32l0xx_hal_cortex.c.obj
                0x08000c8e                HAL_NVIC_EnableIRQ
 .text.HAL_SYSTICK_Config
                0x08000cae       0x1a CMakeFiles/L-ink_Card.elf.dir/Drivers/STM32L0xx_HAL_Driver/Src/stm32l0xx_hal_cortex.c.obj
                0x08000cae                HAL_SYSTICK_Config
 .text.HAL_GPIO_Init
                0x08000cc8      0x2ec CMakeFiles/L-ink_Card.elf.dir/Drivers/STM32L0xx_HAL_Driver/Src/stm32l0xx_hal_gpio.c.obj
                0x08000cc8                HAL_GPIO_Init
 .text.HAL_GPIO_ReadPin
                0x08000fb4       0x3a CMakeFiles/L-ink_Card.elf.dir/Drivers/STM32L0xx_HAL_Driver/Src/stm32l0xx_hal_gpio.c.obj
                0x08000fb4                HAL_GPIO_ReadPin
 .text.HAL_GPIO_WritePin
                0x08000fee       0x3a CMakeFiles/L-ink_Card.elf.dir/Drivers/STM32L0xx_HAL_Driver/Src/stm32l0xx_hal_gpio.c.obj
                0x08000fee                HAL_GPIO_WritePin
 .text.HAL_RCC_OscConfig
                0x08001028      0x6cc CMakeFiles/L-ink_Card.elf.dir/Drivers/STM32L0xx_HAL_Driver/Src/stm32l0xx_hal_rcc.c.obj
                0x08001028                HAL_RCC_OscConfig
 .text.HAL_RCC_ClockConfig
                0x080016f4      0x254 CMakeFiles/L-ink_Card.elf.dir/Drivers/STM32L0xx_HAL_Driver/Src/stm32l0xx_hal_rcc.c.obj
                0x080016f4                HAL_RCC_ClockConfig
 .text.HAL_RCC_GetSysClockFreq
                0x08001948      0x10c CMakeFiles/L-ink_Card.elf.dir/Drivers/STM32L0xx_HAL_Driver/Src/stm32l0xx_hal_rcc.c.obj
                0x08001948                HAL_RCC_GetSysClockFreq
 .text.HAL_RCC_GetHCLKFreq
                0x08001a54       0x14 CMakeFiles/L-ink_Card.elf.dir/Drivers/STM32L0xx_HAL_Driver/Src/stm32l0xx_hal_rcc.c.obj
                0x08001a54                HAL_RCC_GetHCLKFreq
 .text.HAL_RCC_GetPCLK1Freq
                0x08001a68       0x2c CMakeFiles/L-ink_Card.elf.dir/Drivers/STM32L0xx_HAL_Driver/Src/stm32l0xx_hal_rcc.c.obj
                0x08001a68                HAL_RCC_GetPCLK1Freq
 .text.HAL_RCC_GetPCLK2Freq
                0x08001a94       0x2c CMakeFiles/L-ink_Card.elf.dir/Drivers/STM32L0xx_HAL_Driver/Src/stm32l0xx_hal_rcc.c.obj
                0x08001a94                HAL_RCC_GetPCLK2Freq
 .text.HAL_RCCEx_PeriphCLKConfig
                0x08001ac0      0x26c CMakeFiles/L-ink_Card.elf.dir/Drivers/STM32L0xx_HAL_Driver/Src/stm32l0xx_hal_rcc_ex.c.obj
                0x08001ac0                HAL_RCCEx_PeriphCLKConfig
 .text.HAL_UART_Init
                0x08001d2c       0xa8 CMakeFiles/L-ink_Card.elf.dir/Drivers/STM32L0xx_HAL_Driver/Src/stm32l0xx_hal_uart.c.obj
                0x08001d2c                HAL_UART_Init
 .text.UART_SetConfig
                0x08001dd4      0x630 CMakeFiles/L-ink_Card.elf.dir/Drivers/STM32L0xx_HAL_Driver/Src/stm32l0xx_hal_uart.c.obj
                0x08001dd4                UART_SetConfig
 .text.UART_AdvFeatureConfig
                0x08002404      0x168 CMakeFiles/L-ink_Card.elf.dir/Drivers/STM32L0xx_HAL_Driver/Src/stm32l0xx_hal_uart.c.obj
                0x08002404                UART_AdvFeatureConfig
 .text.UART_CheckIdleState
                0x0800256c       0x88 CMakeFiles/L-ink_Card.elf.dir/Drivers/STM32L0xx_HAL_Driver/Src/stm32l0xx_hal_uart.c.obj
                0x0800256c                UART_CheckIdleState
 .text.UART_WaitOnFlagUntilTimeout
                0x080025f4       0x94 CMakeFiles/L-ink_Card.elf.dir/Drivers/STM32L0xx_HAL_Driver/Src/stm32l0xx_hal_uart.c.obj
                0x080025f4                UART_WaitOnFlagUntilTimeout
 .text.MX_GPIO_Init
                0x08002688      0x190 CMakeFiles/L-ink_Card.elf.dir/Src/gpio.c.obj
                0x08002688                MX_GPIO_Init
 .text.main     0x08002818       0x60 CMakeFiles/L-ink_Card.elf.dir/Src/main.c.obj
                0x08002818                main
 .text.SystemClock_Config
                0x08002878       0xd4 CMakeFiles/L-ink_Card.elf.dir/Src/main.c.obj
                0x08002878                SystemClock_Config
 .text.Error_Handler
                0x0800294c        0xa CMakeFiles/L-ink_Card.elf.dir/Src/main.c.obj
                0x0800294c                Error_Handler
 *fill*         0x08002956        0x2 
 .text.HAL_EXTI_IRQHandler
                0x08002958       0x48 CMakeFiles/L-ink_Card.elf.dir/Src/stm32l0xx_hal_exti.c.obj
                0x08002958                HAL_EXTI_IRQHandler
 .text.HAL_MspInit
                0x080029a0       0x28 CMakeFiles/L-ink_Card.elf.dir/Src/stm32l0xx_hal_msp.c.obj
                0x080029a0                HAL_MspInit
 .text.NMI_Handler
                0x080029c8        0xa CMakeFiles/L-ink_Card.elf.dir/Src/stm32l0xx_it.c.obj
                0x080029c8                NMI_Handler
 .text.HardFault_Handler
                0x080029d2        0x6 CMakeFiles/L-ink_Card.elf.dir/Src/stm32l0xx_it.c.obj
                0x080029d2                HardFault_Handler
 .text.SVC_Handler
                0x080029d8        0xa CMakeFiles/L-ink_Card.elf.dir/Src/stm32l0xx_it.c.obj
                0x080029d8                SVC_Handler
 .text.PendSV_Handler
                0x080029e2        0xa CMakeFiles/L-ink_Card.elf.dir/Src/stm32l0xx_it.c.obj
                0x080029e2                PendSV_Handler
 .text.SysTick_Handler
                0x080029ec        0xe CMakeFiles/L-ink_Card.elf.dir/Src/stm32l0xx_it.c.obj
                0x080029ec                SysTick_Handler
 *fill*         0x080029fa        0x2 
 .text.EXTI2_3_IRQHandler
                0x080029fc       0x18 CMakeFiles/L-ink_Card.elf.dir/Src/stm32l0xx_it.c.obj
                0x080029fc                EXTI2_3_IRQHandler
 .text._read    0x08002a14       0x3a CMakeFiles/L-ink_Card.elf.dir/Src/syscalls.c.obj
                0x08002a14                _read
 .text._write   0x08002a4e       0x38 CMakeFiles/L-ink_Card.elf.dir/Src/syscalls.c.obj
                0x08002a4e                _write
 *fill*         0x08002a86        0x2 
 .text._sbrk    0x08002a88       0x58 CMakeFiles/L-ink_Card.elf.dir/Src/syscalls.c.obj
                0x08002a88                _sbrk
 .text._close   0x08002ae0       0x14 CMakeFiles/L-ink_Card.elf.dir/Src/syscalls.c.obj
                0x08002ae0                _close
 .text._fstat   0x08002af4       0x1c CMakeFiles/L-ink_Card.elf.dir/Src/syscalls.c.obj
                0x08002af4                _fstat
 .text._isatty  0x08002b10       0x12 CMakeFiles/L-ink_Card.elf.dir/Src/syscalls.c.obj
                0x08002b10                _isatty
 .text._lseek   0x08002b22       0x16 CMakeFiles/L-ink_Card.elf.dir/Src/syscalls.c.obj
                0x08002b22                _lseek
 .text.SystemInit
                0x08002b38       0x7c CMakeFiles/L-ink_Card.elf.dir/Src/system_stm32l0xx.c.obj
                0x08002b38                SystemInit
 .text.MX_USART1_UART_Init
                0x08002bb4       0x60 CMakeFiles/L-ink_Card.elf.dir/Src/usart.c.obj
                0x08002bb4                MX_USART1_UART_Init
 .text.HAL_UART_MspInit
                0x08002c14       0x88 CMakeFiles/L-ink_Card.elf.dir/Src/usart.c.obj
                0x08002c14                HAL_UART_MspInit
 .text.Reset_Handler
                0x08002c9c       0x50 CMakeFiles/L-ink_Card.elf.dir/startup/startup_stm32l051xx.s.obj
                0x08002c9c                Reset_Handler
 .text.Default_Handler
                0x08002cec        0x2 CMakeFiles/L-ink_Card.elf.dir/startup/startup_stm32l051xx.s.obj
                0x08002cec                ADC1_COMP_IRQHandler
                0x08002cec                TIM6_IRQHandler
                0x08002cec                PVD_IRQHandler
                0x08002cec                I2C1_IRQHandler
                0x08002cec                SPI1_IRQHandler
                0x08002cec                I2C2_IRQHandler
                0x08002cec                RTC_IRQHandler
                0x08002cec                DMA1_Channel4_5_6_7_IRQHandler
                0x08002cec                EXTI4_15_IRQHandler
                0x08002cec                RCC_IRQHandler
                0x08002cec                DMA1_Channel1_IRQHandler
                0x08002cec                Default_Handler
                0x08002cec                TIM22_IRQHandler
                0x08002cec                EXTI0_1_IRQHandler
                0x08002cec                SPI2_IRQHandler
                0x08002cec                TIM21_IRQHandler
                0x08002cec                WWDG_IRQHandler
                0x08002cec                LPUART1_IRQHandler
                0x08002cec                TIM2_IRQHandler
                0x08002cec                DMA1_Channel2_3_IRQHandler
                0x08002cec                USART2_IRQHandler
                0x08002cec                FLASH_IRQHandler
                0x08002cec                USART1_IRQHandler
                0x08002cec                LPTIM1_IRQHandler
 *fill*         0x08002cee        0x2 
 .text.__errno  0x08002cf0        0xc f:/program files/gcc-arm/bin/../lib/gcc/arm-none-eabi/9.2.1/../../../../arm-none-eabi/lib/thumb/v6-m/nofp\libg_nano.a(lib_a-errno.o)
                0x08002cf0                __errno
 .text.__libc_init_array
                0x08002cfc       0x48 f:/program files/gcc-arm/bin/../lib/gcc/arm-none-eabi/9.2.1/../../../../arm-none-eabi/lib/thumb/v6-m/nofp\libg_nano.a(lib_a-init.o)
                0x08002cfc                __libc_init_array
 .text.memset   0x08002d44       0x10 f:/program files/gcc-arm/bin/../lib/gcc/arm-none-eabi/9.2.1/../../../../arm-none-eabi/lib/thumb/v6-m/nofp\libg_nano.a(lib_a-memset.o)
                0x08002d44                memset
 .text._puts_r  0x08002d54       0xe4 f:/program files/gcc-arm/bin/../lib/gcc/arm-none-eabi/9.2.1/../../../../arm-none-eabi/lib/thumb/v6-m/nofp\libg_nano.a(lib_a-puts.o)
                0x08002d54                _puts_r
 .text.puts     0x08002e38       0x14 f:/program files/gcc-arm/bin/../lib/gcc/arm-none-eabi/9.2.1/../../../../arm-none-eabi/lib/thumb/v6-m/nofp\libg_nano.a(lib_a-puts.o)
                0x08002e38                puts
 .text.__swbuf_r
                0x08002e4c       0xac f:/program files/gcc-arm/bin/../lib/gcc/arm-none-eabi/9.2.1/../../../../arm-none-eabi/lib/thumb/v6-m/nofp\libg_nano.a(lib_a-wbuf.o)
                0x08002e4c                __swbuf_r
 .text.__swsetup_r
                0x08002ef8       0xf0 f:/program files/gcc-arm/bin/../lib/gcc/arm-none-eabi/9.2.1/../../../../arm-none-eabi/lib/thumb/v6-m/nofp\libg_nano.a(lib_a-wsetup.o)
                0x08002ef8                __swsetup_r
 .text.__sflush_r
                0x08002fe8      0x118 f:/program files/gcc-arm/bin/../lib/gcc/arm-none-eabi/9.2.1/../../../../arm-none-eabi/lib/thumb/v6-m/nofp\libg_nano.a(lib_a-fflush.o)
                0x08002fe8                __sflush_r
 .text._fflush_r
                0x08003100       0x80 f:/program files/gcc-arm/bin/../lib/gcc/arm-none-eabi/9.2.1/../../../../arm-none-eabi/lib/thumb/v6-m/nofp\libg_nano.a(lib_a-fflush.o)
                0x08003100                _fflush_r
 .text.std      0x08003180       0x48 f:/program files/gcc-arm/bin/../lib/gcc/arm-none-eabi/9.2.1/../../../../arm-none-eabi/lib/thumb/v6-m/nofp\libg_nano.a(lib_a-findfp.o)
 .text._cleanup_r
                0x080031c8       0x10 f:/program files/gcc-arm/bin/../lib/gcc/arm-none-eabi/9.2.1/../../../../arm-none-eabi/lib/thumb/v6-m/nofp\libg_nano.a(lib_a-findfp.o)
                0x080031c8                _cleanup_r
 .text.__sfmoreglue
                0x080031d8       0x2c f:/program files/gcc-arm/bin/../lib/gcc/arm-none-eabi/9.2.1/../../../../arm-none-eabi/lib/thumb/v6-m/nofp\libg_nano.a(lib_a-findfp.o)
                0x080031d8                __sfmoreglue
 .text.__sfp_lock_acquire
                0x08003204       0x10 f:/program files/gcc-arm/bin/../lib/gcc/arm-none-eabi/9.2.1/../../../../arm-none-eabi/lib/thumb/v6-m/nofp\libg_nano.a(lib_a-findfp.o)
                0x08003204                __sfp_lock_acquire
 .text.__sfp_lock_release
                0x08003214       0x10 f:/program files/gcc-arm/bin/../lib/gcc/arm-none-eabi/9.2.1/../../../../arm-none-eabi/lib/thumb/v6-m/nofp\libg_nano.a(lib_a-findfp.o)
                0x08003214                __sfp_lock_release
 .text.__sinit_lock_acquire
                0x08003224       0x10 f:/program files/gcc-arm/bin/../lib/gcc/arm-none-eabi/9.2.1/../../../../arm-none-eabi/lib/thumb/v6-m/nofp\libg_nano.a(lib_a-findfp.o)
                0x08003224                __sinit_lock_acquire
 .text.__sinit_lock_release
                0x08003234       0x10 f:/program files/gcc-arm/bin/../lib/gcc/arm-none-eabi/9.2.1/../../../../arm-none-eabi/lib/thumb/v6-m/nofp\libg_nano.a(lib_a-findfp.o)
                0x08003234                __sinit_lock_release
 .text.__sinit  0x08003244       0x70 f:/program files/gcc-arm/bin/../lib/gcc/arm-none-eabi/9.2.1/../../../../arm-none-eabi/lib/thumb/v6-m/nofp\libg_nano.a(lib_a-findfp.o)
                0x08003244                __sinit
 .text.__sfp    0x080032b4       0x90 f:/program files/gcc-arm/bin/../lib/gcc/arm-none-eabi/9.2.1/../../../../arm-none-eabi/lib/thumb/v6-m/nofp\libg_nano.a(lib_a-findfp.o)
                0x080032b4                __sfp
 .text._fwalk_reent
                0x08003344       0x40 f:/program files/gcc-arm/bin/../lib/gcc/arm-none-eabi/9.2.1/../../../../arm-none-eabi/lib/thumb/v6-m/nofp\libg_nano.a(lib_a-fwalk.o)
                0x08003344                _fwalk_reent
 .text.__retarget_lock_init_recursive
                0x08003384        0x2 f:/program files/gcc-arm/bin/../lib/gcc/arm-none-eabi/9.2.1/../../../../arm-none-eabi/lib/thumb/v6-m/nofp\libg_nano.a(lib_a-lock.o)
                0x08003384                __retarget_lock_init_recursive
 .text.__retarget_lock_acquire_recursive
                0x08003386        0x2 f:/program files/gcc-arm/bin/../lib/gcc/arm-none-eabi/9.2.1/../../../../arm-none-eabi/lib/thumb/v6-m/nofp\libg_nano.a(lib_a-lock.o)
                0x08003386                __retarget_lock_acquire_recursive
 .text.__retarget_lock_release_recursive
                0x08003388        0x2 f:/program files/gcc-arm/bin/../lib/gcc/arm-none-eabi/9.2.1/../../../../arm-none-eabi/lib/thumb/v6-m/nofp\libg_nano.a(lib_a-lock.o)
                0x08003388                __retarget_lock_release_recursive
 *fill*         0x0800338a        0x2 
 .text.__swhatbuf_r
                0x0800338c       0x50 f:/program files/gcc-arm/bin/../lib/gcc/arm-none-eabi/9.2.1/../../../../arm-none-eabi/lib/thumb/v6-m/nofp\libg_nano.a(lib_a-makebuf.o)
                0x0800338c                __swhatbuf_r
 .text.__smakebuf_r
                0x080033dc       0x88 f:/program files/gcc-arm/bin/../lib/gcc/arm-none-eabi/9.2.1/../../../../arm-none-eabi/lib/thumb/v6-m/nofp\libg_nano.a(lib_a-makebuf.o)
                0x080033dc                __smakebuf_r
 .text._free_r  0x08003464       0x94 f:/program files/gcc-arm/bin/../lib/gcc/arm-none-eabi/9.2.1/../../../../arm-none-eabi/lib/thumb/v6-m/nofp\libg_nano.a(lib_a-nano-freer.o)
                0x08003464                _free_r
 .text._malloc_r
                0x080034f8       0xbc f:/program files/gcc-arm/bin/../lib/gcc/arm-none-eabi/9.2.1/../../../../arm-none-eabi/lib/thumb/v6-m/nofp\libg_nano.a(lib_a-nano-mallocr.o)
                0x080034f8                _malloc_r
 .text._sbrk_r  0x080035b4       0x24 f:/program files/gcc-arm/bin/../lib/gcc/arm-none-eabi/9.2.1/../../../../arm-none-eabi/lib/thumb/v6-m/nofp\libg_nano.a(lib_a-sbrkr.o)
                0x080035b4                _sbrk_r
 .text.__sread  0x080035d8       0x28 f:/program files/gcc-arm/bin/../lib/gcc/arm-none-eabi/9.2.1/../../../../arm-none-eabi/lib/thumb/v6-m/nofp\libg_nano.a(lib_a-stdio.o)
                0x080035d8                __sread
 .text.__swrite
                0x08003600       0x38 f:/program files/gcc-arm/bin/../lib/gcc/arm-none-eabi/9.2.1/../../../../arm-none-eabi/lib/thumb/v6-m/nofp\libg_nano.a(lib_a-stdio.o)
                0x08003600                __swrite
 .text.__sseek  0x08003638       0x2c f:/program files/gcc-arm/bin/../lib/gcc/arm-none-eabi/9.2.1/../../../../arm-none-eabi/lib/thumb/v6-m/nofp\libg_nano.a(lib_a-stdio.o)
                0x08003638                __sseek
 .text.__sclose
                0x08003664        0xc f:/program files/gcc-arm/bin/../lib/gcc/arm-none-eabi/9.2.1/../../../../arm-none-eabi/lib/thumb/v6-m/nofp\libg_nano.a(lib_a-stdio.o)
                0x08003664                __sclose
 .text._write_r
                0x08003670       0x28 f:/program files/gcc-arm/bin/../lib/gcc/arm-none-eabi/9.2.1/../../../../arm-none-eabi/lib/thumb/v6-m/nofp\libg_nano.a(lib_a-writer.o)
                0x08003670                _write_r
 .text._close_r
                0x08003698       0x24 f:/program files/gcc-arm/bin/../lib/gcc/arm-none-eabi/9.2.1/../../../../arm-none-eabi/lib/thumb/v6-m/nofp\libg_nano.a(lib_a-closer.o)
                0x08003698                _close_r
 .text._fstat_r
                0x080036bc       0x24 f:/program files/gcc-arm/bin/../lib/gcc/arm-none-eabi/9.2.1/../../../../arm-none-eabi/lib/thumb/v6-m/nofp\libg_nano.a(lib_a-fstatr.o)
                0x080036bc                _fstat_r
 .text._isatty_r
                0x080036e0       0x24 f:/program files/gcc-arm/bin/../lib/gcc/arm-none-eabi/9.2.1/../../../../arm-none-eabi/lib/thumb/v6-m/nofp\libg_nano.a(lib_a-isattyr.o)
                0x080036e0                _isatty_r
 .text._lseek_r
                0x08003704       0x28 f:/program files/gcc-arm/bin/../lib/gcc/arm-none-eabi/9.2.1/../../../../arm-none-eabi/lib/thumb/v6-m/nofp\libg_nano.a(lib_a-lseekr.o)
                0x08003704                _lseek_r
 .text.__malloc_lock
                0x0800372c       0x10 f:/program files/gcc-arm/bin/../lib/gcc/arm-none-eabi/9.2.1/../../../../arm-none-eabi/lib/thumb/v6-m/nofp\libg_nano.a(lib_a-mlock.o)
                0x0800372c                __malloc_lock
 .text.__malloc_unlock
                0x0800373c       0x10 f:/program files/gcc-arm/bin/../lib/gcc/arm-none-eabi/9.2.1/../../../../arm-none-eabi/lib/thumb/v6-m/nofp\libg_nano.a(lib_a-mlock.o)
                0x0800373c                __malloc_unlock
 .text._read_r  0x0800374c       0x28 f:/program files/gcc-arm/bin/../lib/gcc/arm-none-eabi/9.2.1/../../../../arm-none-eabi/lib/thumb/v6-m/nofp\libg_nano.a(lib_a-readr.o)
                0x0800374c                _read_r
 *(.glue_7)
 .glue_7        0x08003774        0x0 linker stubs
 *(.glue_7t)
 .glue_7t       0x08003774        0x0 linker stubs
 *(.eh_frame)
 .eh_frame      0x08003774        0x0 f:/program files/gcc-arm/bin/../lib/gcc/arm-none-eabi/9.2.1/thumb/v6-m/nofp/crtbegin.o
 *(.init)
 .init          0x08003774        0x4 f:/program files/gcc-arm/bin/../lib/gcc/arm-none-eabi/9.2.1/thumb/v6-m/nofp/crti.o
                0x08003774                _init
 .init          0x08003778        0x8 f:/program files/gcc-arm/bin/../lib/gcc/arm-none-eabi/9.2.1/thumb/v6-m/nofp/crtn.o
 *(.fini)
 .fini          0x08003780        0x4 f:/program files/gcc-arm/bin/../lib/gcc/arm-none-eabi/9.2.1/thumb/v6-m/nofp/crti.o
                0x08003780                _fini
 .fini          0x08003784        0x8 f:/program files/gcc-arm/bin/../lib/gcc/arm-none-eabi/9.2.1/thumb/v6-m/nofp/crtn.o
                0x0800378c                . = ALIGN (0x4)
                0x0800378c                _etext = .

.vfp11_veneer   0x0800378c        0x0
 .vfp11_veneer  0x0800378c        0x0 linker stubs

.v4_bx          0x0800378c        0x0
 .v4_bx         0x0800378c        0x0 linker stubs

.iplt           0x0800378c        0x0
 .iplt          0x0800378c        0x0 f:/program files/gcc-arm/bin/../lib/gcc/arm-none-eabi/9.2.1/thumb/v6-m/nofp/crtbegin.o

.rodata         0x0800378c      0x108
                0x0800378c                . = ALIGN (0x4)
 *(.rodata)
 .rodata        0x0800378c       0x35 CMakeFiles/L-ink_Card.elf.dir/Drivers/BSP/E-Paper-Display/epd_w21.c.obj
 *(.rodata*)
 *fill*         0x080037c1        0x3 
 .rodata.UART_SetConfig
                0x080037c4       0x48 CMakeFiles/L-ink_Card.elf.dir/Drivers/STM32L0xx_HAL_Driver/Src/stm32l0xx_hal_uart.c.obj
 .rodata.AHBPrescTable
                0x0800380c       0x10 CMakeFiles/L-ink_Card.elf.dir/Src/system_stm32l0xx.c.obj
                0x0800380c                AHBPrescTable
 .rodata.APBPrescTable
                0x0800381c        0x8 CMakeFiles/L-ink_Card.elf.dir/Src/system_stm32l0xx.c.obj
                0x0800381c                APBPrescTable
 .rodata.PLLMulTable
                0x08003824        0x9 CMakeFiles/L-ink_Card.elf.dir/Src/system_stm32l0xx.c.obj
                0x08003824                PLLMulTable
 *fill*         0x0800382d        0x3 
 .rodata._global_impure_ptr
                0x08003830        0x4 f:/program files/gcc-arm/bin/../lib/gcc/arm-none-eabi/9.2.1/../../../../arm-none-eabi/lib/thumb/v6-m/nofp\libg_nano.a(lib_a-impure.o)
                0x08003830                _global_impure_ptr
 .rodata.__sf_fake_stderr
                0x08003834       0x20 f:/program files/gcc-arm/bin/../lib/gcc/arm-none-eabi/9.2.1/../../../../arm-none-eabi/lib/thumb/v6-m/nofp\libg_nano.a(lib_a-findfp.o)
                0x08003834                __sf_fake_stderr
 .rodata.__sf_fake_stdin
                0x08003854       0x20 f:/program files/gcc-arm/bin/../lib/gcc/arm-none-eabi/9.2.1/../../../../arm-none-eabi/lib/thumb/v6-m/nofp\libg_nano.a(lib_a-findfp.o)
                0x08003854                __sf_fake_stdin
 .rodata.__sf_fake_stdout
                0x08003874       0x20 f:/program files/gcc-arm/bin/../lib/gcc/arm-none-eabi/9.2.1/../../../../arm-none-eabi/lib/thumb/v6-m/nofp\libg_nano.a(lib_a-findfp.o)
                0x08003874                __sf_fake_stdout
                0x08003894                . = ALIGN (0x4)

.ARM.extab
 *(.ARM.extab* .gnu.linkonce.armextab.*)

.ARM            0x08003894        0x8
                0x08003894                __exidx_start = .
 *(.ARM.exidx*)
 .ARM.exidx     0x08003894        0x8 f:/program files/gcc-arm/bin/../lib/gcc/arm-none-eabi/9.2.1/thumb/v6-m/nofp\libgcc.a(_udivmoddi4.o)
                0x0800389c                __exidx_end = .

.rel.dyn        0x0800389c        0x0
 .rel.iplt      0x0800389c        0x0 f:/program files/gcc-arm/bin/../lib/gcc/arm-none-eabi/9.2.1/thumb/v6-m/nofp/crtbegin.o

.preinit_array  0x0800389c        0x0
                0x0800389c                PROVIDE (__preinit_array_start = .)
 *(.preinit_array*)
                0x0800389c                PROVIDE (__preinit_array_end = .)

.init_array     0x0800389c        0x4
                0x0800389c                PROVIDE (__init_array_start = .)
 *(SORT_BY_NAME(.init_array.*))
 *(.init_array*)
 .init_array    0x0800389c        0x4 f:/program files/gcc-arm/bin/../lib/gcc/arm-none-eabi/9.2.1/thumb/v6-m/nofp/crtbegin.o
                0x080038a0                PROVIDE (__init_array_end = .)

.fini_array     0x080038a0        0x4
                [!provide]                PROVIDE (__fini_array_start = .)
 *(SORT_BY_NAME(.fini_array.*))
 *(.fini_array*)
 .fini_array    0x080038a0        0x4 f:/program files/gcc-arm/bin/../lib/gcc/arm-none-eabi/9.2.1/thumb/v6-m/nofp/crtbegin.o
                [!provide]                PROVIDE (__fini_array_end = .)
                0x080038a4                _sidata = LOADADDR (.data)

.data           0x20000000     0x14d8 load address 0x080038a4
                0x20000000                . = ALIGN (0x4)
                0x20000000                _sdata = .
 *(.data)
 *(.data*)
 .data.swreset  0x20000000        0x1 CMakeFiles/L-ink_Card.elf.dir/Drivers/BSP/E-Paper-Display/epd_w21.c.obj
                0x20000000                swreset
 *fill*         0x20000001        0x3 
 .data.driverOutputControl
                0x20000004        0x4 CMakeFiles/L-ink_Card.elf.dir/Drivers/BSP/E-Paper-Display/epd_w21.c.obj
                0x20000004                driverOutputControl
 .data.dataEntryMode
                0x20000008        0x2 CMakeFiles/L-ink_Card.elf.dir/Drivers/BSP/E-Paper-Display/epd_w21.c.obj
                0x20000008                dataEntryMode
 *fill*         0x2000000a        0x2 
 .data.ram_x_address_start_end_position
                0x2000000c        0x3 CMakeFiles/L-ink_Card.elf.dir/Drivers/BSP/E-Paper-Display/epd_w21.c.obj
                0x2000000c                ram_x_address_start_end_position
 *fill*         0x2000000f        0x1 
 .data.ram_y_address_start_end_position
                0x20000010        0x5 CMakeFiles/L-ink_Card.elf.dir/Drivers/BSP/E-Paper-Display/epd_w21.c.obj
                0x20000010                ram_y_address_start_end_position
 *fill*         0x20000015        0x3 
 .data.borderWavefrom
                0x20000018        0x2 CMakeFiles/L-ink_Card.elf.dir/Drivers/BSP/E-Paper-Display/epd_w21.c.obj
                0x20000018                borderWavefrom
 *fill*         0x2000001a        0x2 
 .data.unkonwCommand
                0x2000001c        0x2 CMakeFiles/L-ink_Card.elf.dir/Drivers/BSP/E-Paper-Display/epd_w21.c.obj
                0x2000001c                unkonwCommand
 *fill*         0x2000001e        0x2 
 .data.loadTemperatureAndWaveformSetting
                0x20000020        0x2 CMakeFiles/L-ink_Card.elf.dir/Drivers/BSP/E-Paper-Display/epd_w21.c.obj
                0x20000020                loadTemperatureAndWaveformSetting
 *fill*         0x20000022        0x2 
 .data.turnOnDisplay
                0x20000024        0x2 CMakeFiles/L-ink_Card.elf.dir/Drivers/BSP/E-Paper-Display/epd_w21.c.obj
                0x20000024                turnOnDisplay
 *fill*         0x20000026        0x2 
 .data.masterActivation
                0x20000028        0x1 CMakeFiles/L-ink_Card.elf.dir/Drivers/BSP/E-Paper-Display/epd_w21.c.obj
                0x20000028                masterActivation
 *fill*         0x20000029        0x3 
 .data.ram_x_address_counter
                0x2000002c        0x2 CMakeFiles/L-ink_Card.elf.dir/Drivers/BSP/E-Paper-Display/epd_w21.c.obj
                0x2000002c                ram_x_address_counter
 *fill*         0x2000002e        0x2 
 .data.ram_y_address_counter
                0x20000030        0x3 CMakeFiles/L-ink_Card.elf.dir/Drivers/BSP/E-Paper-Display/epd_w21.c.obj
                0x20000030                ram_y_address_counter
 *fill*         0x20000033        0x1 
 .data.lut_normal
                0x20000034       0x9a CMakeFiles/L-ink_Card.elf.dir/Drivers/BSP/E-Paper-Display/epd_w21.c.obj
                0x20000034                lut_normal
 *fill*         0x200000ce        0x2 
 .data.lut_0x3f
                0x200000d0        0x2 CMakeFiles/L-ink_Card.elf.dir/Drivers/BSP/E-Paper-Display/epd_w21.c.obj
                0x200000d0                lut_0x3f
 *fill*         0x200000d2        0x2 
 .data.lut_0x03
                0x200000d4        0x2 CMakeFiles/L-ink_Card.elf.dir/Drivers/BSP/E-Paper-Display/epd_w21.c.obj
                0x200000d4                lut_0x03
 *fill*         0x200000d6        0x2 
 .data.lut_0x04
                0x200000d8        0x4 CMakeFiles/L-ink_Card.elf.dir/Drivers/BSP/E-Paper-Display/epd_w21.c.obj
                0x200000d8                lut_0x04
 .data.lut_0x2c
                0x200000dc        0x2 CMakeFiles/L-ink_Card.elf.dir/Drivers/BSP/E-Paper-Display/epd_w21.c.obj
                0x200000dc                lut_0x2c
 *fill*         0x200000de        0x2 
 .data.GPO_EXTI
                0x200000e0        0x8 CMakeFiles/L-ink_Card.elf.dir/Drivers/BSP/NFC04A1/nfc04a1.c.obj
                0x200000e0                GPO_EXTI
 .data.nfcBuffer
                0x200000e8     0x1388 CMakeFiles/L-ink_Card.elf.dir/Src/main.c.obj
                0x200000e8                nfcBuffer
 .data.SystemCoreClock
                0x20001470        0x4 CMakeFiles/L-ink_Card.elf.dir/Src/system_stm32l0xx.c.obj
                0x20001470                SystemCoreClock
 .data._impure_ptr
                0x20001474        0x4 f:/program files/gcc-arm/bin/../lib/gcc/arm-none-eabi/9.2.1/../../../../arm-none-eabi/lib/thumb/v6-m/nofp\libg_nano.a(lib_a-impure.o)
                0x20001474                _impure_ptr
 .data.impure_data
                0x20001478       0x60 f:/program files/gcc-arm/bin/../lib/gcc/arm-none-eabi/9.2.1/../../../../arm-none-eabi/lib/thumb/v6-m/nofp\libg_nano.a(lib_a-impure.o)
                0x200014d8                . = ALIGN (0x4)
                0x200014d8                _edata = .

.igot.plt       0x200014d8        0x0 load address 0x08004d7c
 .igot.plt      0x200014d8        0x0 f:/program files/gcc-arm/bin/../lib/gcc/arm-none-eabi/9.2.1/thumb/v6-m/nofp/crtbegin.o
                0x200014d8                . = ALIGN (0x4)

.bss            0x200014d8       0xbc load address 0x08004d7c
                0x200014d8                _sbss = .
                0x200014d8                __bss_start__ = _sbss
 *(.bss)
 .bss           0x200014d8       0x1c f:/program files/gcc-arm/bin/../lib/gcc/arm-none-eabi/9.2.1/thumb/v6-m/nofp/crtbegin.o
 *(.bss*)
 .bss.uwTick    0x200014f4        0x4 CMakeFiles/L-ink_Card.elf.dir/Drivers/STM32L0xx_HAL_Driver/Src/stm32l0xx_hal.c.obj
                0x200014f4                uwTick
 .bss.heap_end.6018
                0x200014f8        0x4 CMakeFiles/L-ink_Card.elf.dir/Src/syscalls.c.obj
 .bss.huart1    0x200014fc       0x80 CMakeFiles/L-ink_Card.elf.dir/Src/usart.c.obj
                0x200014fc                huart1
 .bss.__malloc_free_list
                0x2000157c        0x4 f:/program files/gcc-arm/bin/../lib/gcc/arm-none-eabi/9.2.1/../../../../arm-none-eabi/lib/thumb/v6-m/nofp\libg_nano.a(lib_a-nano-mallocr.o)
                0x2000157c                __malloc_free_list
 .bss.__malloc_sbrk_start
                0x20001580        0x4 f:/program files/gcc-arm/bin/../lib/gcc/arm-none-eabi/9.2.1/../../../../arm-none-eabi/lib/thumb/v6-m/nofp\libg_nano.a(lib_a-nano-mallocr.o)
                0x20001580                __malloc_sbrk_start
 *(COMMON)
 COMMON         0x20001584        0x9 f:/program files/gcc-arm/bin/../lib/gcc/arm-none-eabi/9.2.1/../../../../arm-none-eabi/lib/thumb/v6-m/nofp\libg_nano.a(lib_a-lock.o)
                0x20001584                __lock___atexit_recursive_mutex
                0x20001585                __lock___arc4random_mutex
                0x20001586                __lock___env_recursive_mutex
                0x20001587                __lock___sinit_recursive_mutex
                0x20001588                __lock___malloc_recursive_mutex
                0x20001589                __lock___at_quick_exit_mutex
                0x2000158a                __lock___dd_hash_mutex
                0x2000158b                __lock___tz_mutex
                0x2000158c                __lock___sfp_recursive_mutex
 *fill*         0x2000158d        0x3 
 COMMON         0x20001590        0x4 f:/program files/gcc-arm/bin/../lib/gcc/arm-none-eabi/9.2.1/../../../../arm-none-eabi/lib/thumb/v6-m/nofp\libg_nano.a(lib_a-reent.o)
                0x20001590                errno
                0x20001594                . = ALIGN (0x4)
                0x20001594                _ebss = .
                0x20001594                __bss_end__ = _ebss

._user_heap_stack
                0x20001594     0x2404 load address 0x08004d7c
                0x20001598                . = ALIGN (0x8)
 *fill*         0x20001594        0x4 
                0x20001598                PROVIDE (end = .)
                [!provide]                PROVIDE (_end = .)
                0x20003598                . = (. + _Min_Heap_Size)
 *fill*         0x20001598     0x2000 
                0x20003998                . = (. + _Min_Stack_Size)
 *fill*         0x20003598      0x400 
                0x20003998                . = ALIGN (0x8)

/DISCARD/
 libc.a(*)
 libm.a(*)
 libgcc.a(*)

.ARM.attributes
                0x00000000       0x28
 *(.ARM.attributes)
 .ARM.attributes
                0x00000000       0x1e f:/program files/gcc-arm/bin/../lib/gcc/arm-none-eabi/9.2.1/thumb/v6-m/nofp/crti.o
 .ARM.attributes
                0x0000001e       0x2c f:/program files/gcc-arm/bin/../lib/gcc/arm-none-eabi/9.2.1/thumb/v6-m/nofp/crtbegin.o
 .ARM.attributes
                0x0000004a       0x2c CMakeFiles/L-ink_Card.elf.dir/Drivers/BSP/E-Paper-Display/epd_w21.c.obj
 .ARM.attributes
                0x00000076       0x2c CMakeFiles/L-ink_Card.elf.dir/Drivers/BSP/NFC04A1/nfc04a1.c.obj
 .ARM.attributes
                0x000000a2       0x2c CMakeFiles/L-ink_Card.elf.dir/Drivers/STM32L0xx_HAL_Driver/Src/stm32l0xx_hal.c.obj
 .ARM.attributes
                0x000000ce       0x2c CMakeFiles/L-ink_Card.elf.dir/Drivers/STM32L0xx_HAL_Driver/Src/stm32l0xx_hal_cortex.c.obj
 .ARM.attributes
                0x000000fa       0x2c CMakeFiles/L-ink_Card.elf.dir/Drivers/STM32L0xx_HAL_Driver/Src/stm32l0xx_hal_gpio.c.obj
 .ARM.attributes
                0x00000126       0x2c CMakeFiles/L-ink_Card.elf.dir/Drivers/STM32L0xx_HAL_Driver/Src/stm32l0xx_hal_rcc.c.obj
 .ARM.attributes
                0x00000152       0x2c CMakeFiles/L-ink_Card.elf.dir/Drivers/STM32L0xx_HAL_Driver/Src/stm32l0xx_hal_rcc_ex.c.obj
 .ARM.attributes
                0x0000017e       0x2c CMakeFiles/L-ink_Card.elf.dir/Drivers/STM32L0xx_HAL_Driver/Src/stm32l0xx_hal_uart.c.obj
 .ARM.attributes
                0x000001aa       0x2c CMakeFiles/L-ink_Card.elf.dir/Src/gpio.c.obj
 .ARM.attributes
                0x000001d6       0x2c CMakeFiles/L-ink_Card.elf.dir/Src/main.c.obj
 .ARM.attributes
                0x00000202       0x2c CMakeFiles/L-ink_Card.elf.dir/Src/stm32l0xx_hal_exti.c.obj
 .ARM.attributes
                0x0000022e       0x2c CMakeFiles/L-ink_Card.elf.dir/Src/stm32l0xx_hal_msp.c.obj
 .ARM.attributes
                0x0000025a       0x2c CMakeFiles/L-ink_Card.elf.dir/Src/stm32l0xx_it.c.obj
 .ARM.attributes
                0x00000286       0x2c CMakeFiles/L-ink_Card.elf.dir/Src/syscalls.c.obj
 .ARM.attributes
                0x000002b2       0x2c CMakeFiles/L-ink_Card.elf.dir/Src/system_stm32l0xx.c.obj
 .ARM.attributes
                0x000002de       0x2c CMakeFiles/L-ink_Card.elf.dir/Src/usart.c.obj
 .ARM.attributes
                0x0000030a       0x22 CMakeFiles/L-ink_Card.elf.dir/startup/startup_stm32l051xx.s.obj
 .ARM.attributes
                0x0000032c       0x1e f:/program files/gcc-arm/bin/../lib/gcc/arm-none-eabi/9.2.1/thumb/v6-m/nofp\libgcc.a(_udivsi3.o)
 .ARM.attributes
                0x0000034a       0x1e f:/program files/gcc-arm/bin/../lib/gcc/arm-none-eabi/9.2.1/thumb/v6-m/nofp\libgcc.a(_dvmd_tls.o)
 .ARM.attributes
                0x00000368       0x1e f:/program files/gcc-arm/bin/../lib/gcc/arm-none-eabi/9.2.1/thumb/v6-m/nofp\libgcc.a(_aeabi_uldivmod.o)
 .ARM.attributes
                0x00000386       0x2c f:/program files/gcc-arm/bin/../lib/gcc/arm-none-eabi/9.2.1/thumb/v6-m/nofp\libgcc.a(_udivmoddi4.o)
 .ARM.attributes
                0x000003b2       0x1e f:/program files/gcc-arm/bin/../lib/gcc/arm-none-eabi/9.2.1/thumb/v6-m/nofp\libgcc.a(_clzdi2.o)
 .ARM.attributes
                0x000003d0       0x1e f:/program files/gcc-arm/bin/../lib/gcc/arm-none-eabi/9.2.1/thumb/v6-m/nofp\libgcc.a(_clzsi2.o)
 .ARM.attributes
                0x000003ee       0x2c f:/program files/gcc-arm/bin/../lib/gcc/arm-none-eabi/9.2.1/../../../../arm-none-eabi/lib/thumb/v6-m/nofp\libg_nano.a(lib_a-errno.o)
 .ARM.attributes
                0x0000041a       0x2c f:/program files/gcc-arm/bin/../lib/gcc/arm-none-eabi/9.2.1/../../../../arm-none-eabi/lib/thumb/v6-m/nofp\libg_nano.a(lib_a-impure.o)
 .ARM.attributes
                0x00000446       0x2c f:/program files/gcc-arm/bin/../lib/gcc/arm-none-eabi/9.2.1/../../../../arm-none-eabi/lib/thumb/v6-m/nofp\libg_nano.a(lib_a-init.o)
 .ARM.attributes
                0x00000472       0x2c f:/program files/gcc-arm/bin/../lib/gcc/arm-none-eabi/9.2.1/../../../../arm-none-eabi/lib/thumb/v6-m/nofp\libg_nano.a(lib_a-memset.o)
 .ARM.attributes
                0x0000049e       0x2c f:/program files/gcc-arm/bin/../lib/gcc/arm-none-eabi/9.2.1/../../../../arm-none-eabi/lib/thumb/v6-m/nofp\libg_nano.a(lib_a-puts.o)
 .ARM.attributes
                0x000004ca       0x2c f:/program files/gcc-arm/bin/../lib/gcc/arm-none-eabi/9.2.1/../../../../arm-none-eabi/lib/thumb/v6-m/nofp\libg_nano.a(lib_a-wbuf.o)
 .ARM.attributes
                0x000004f6       0x2c f:/program files/gcc-arm/bin/../lib/gcc/arm-none-eabi/9.2.1/../../../../arm-none-eabi/lib/thumb/v6-m/nofp\libg_nano.a(lib_a-wsetup.o)
 .ARM.attributes
                0x00000522       0x2c f:/program files/gcc-arm/bin/../lib/gcc/arm-none-eabi/9.2.1/../../../../arm-none-eabi/lib/thumb/v6-m/nofp\libg_nano.a(lib_a-fflush.o)
 .ARM.attributes
                0x0000054e       0x2c f:/program files/gcc-arm/bin/../lib/gcc/arm-none-eabi/9.2.1/../../../../arm-none-eabi/lib/thumb/v6-m/nofp\libg_nano.a(lib_a-findfp.o)
 .ARM.attributes
                0x0000057a       0x2c f:/program files/gcc-arm/bin/../lib/gcc/arm-none-eabi/9.2.1/../../../../arm-none-eabi/lib/thumb/v6-m/nofp\libg_nano.a(lib_a-fwalk.o)
 .ARM.attributes
                0x000005a6       0x2c f:/program files/gcc-arm/bin/../lib/gcc/arm-none-eabi/9.2.1/../../../../arm-none-eabi/lib/thumb/v6-m/nofp\libg_nano.a(lib_a-lock.o)
 .ARM.attributes
                0x000005d2       0x2c f:/program files/gcc-arm/bin/../lib/gcc/arm-none-eabi/9.2.1/../../../../arm-none-eabi/lib/thumb/v6-m/nofp\libg_nano.a(lib_a-makebuf.o)
 .ARM.attributes
                0x000005fe       0x2c f:/program files/gcc-arm/bin/../lib/gcc/arm-none-eabi/9.2.1/../../../../arm-none-eabi/lib/thumb/v6-m/nofp\libg_nano.a(lib_a-nano-freer.o)
 .ARM.attributes
                0x0000062a       0x2c f:/program files/gcc-arm/bin/../lib/gcc/arm-none-eabi/9.2.1/../../../../arm-none-eabi/lib/thumb/v6-m/nofp\libg_nano.a(lib_a-nano-mallocr.o)
 .ARM.attributes
                0x00000656       0x2c f:/program files/gcc-arm/bin/../lib/gcc/arm-none-eabi/9.2.1/../../../../arm-none-eabi/lib/thumb/v6-m/nofp\libg_nano.a(lib_a-sbrkr.o)
 .ARM.attributes
                0x00000682       0x2c f:/program files/gcc-arm/bin/../lib/gcc/arm-none-eabi/9.2.1/../../../../arm-none-eabi/lib/thumb/v6-m/nofp\libg_nano.a(lib_a-stdio.o)
 .ARM.attributes
                0x000006ae       0x2c f:/program files/gcc-arm/bin/../lib/gcc/arm-none-eabi/9.2.1/../../../../arm-none-eabi/lib/thumb/v6-m/nofp\libg_nano.a(lib_a-writer.o)
 .ARM.attributes
                0x000006da       0x2c f:/program files/gcc-arm/bin/../lib/gcc/arm-none-eabi/9.2.1/../../../../arm-none-eabi/lib/thumb/v6-m/nofp\libg_nano.a(lib_a-closer.o)
 .ARM.attributes
                0x00000706       0x2c f:/program files/gcc-arm/bin/../lib/gcc/arm-none-eabi/9.2.1/../../../../arm-none-eabi/lib/thumb/v6-m/nofp\libg_nano.a(lib_a-fstatr.o)
 .ARM.attributes
                0x00000732       0x2c f:/program files/gcc-arm/bin/../lib/gcc/arm-none-eabi/9.2.1/../../../../arm-none-eabi/lib/thumb/v6-m/nofp\libg_nano.a(lib_a-isattyr.o)
 .ARM.attributes
                0x0000075e       0x2c f:/program files/gcc-arm/bin/../lib/gcc/arm-none-eabi/9.2.1/../../../../arm-none-eabi/lib/thumb/v6-m/nofp\libg_nano.a(lib_a-lseekr.o)
 .ARM.attributes
                0x0000078a       0x2c f:/program files/gcc-arm/bin/../lib/gcc/arm-none-eabi/9.2.1/../../../../arm-none-eabi/lib/thumb/v6-m/nofp\libg_nano.a(lib_a-mlock.o)
 .ARM.attributes
                0x000007b6       0x2c f:/program files/gcc-arm/bin/../lib/gcc/arm-none-eabi/9.2.1/../../../../arm-none-eabi/lib/thumb/v6-m/nofp\libg_nano.a(lib_a-readr.o)
 .ARM.attributes
                0x000007e2       0x2c f:/program files/gcc-arm/bin/../lib/gcc/arm-none-eabi/9.2.1/../../../../arm-none-eabi/lib/thumb/v6-m/nofp\libg_nano.a(lib_a-reent.o)
 .ARM.attributes
                0x0000080e       0x1e f:/program files/gcc-arm/bin/../lib/gcc/arm-none-eabi/9.2.1/thumb/v6-m/nofp/crtn.o
OUTPUT(L-ink_Card.elf elf32-littlearm)

.debug_info     0x00000000     0xacfa
 .debug_info    0x00000000      0xedd CMakeFiles/L-ink_Card.elf.dir/Drivers/BSP/E-Paper-Display/epd_w21.c.obj
 .debug_info    0x00000edd      0xdb8 CMakeFiles/L-ink_Card.elf.dir/Drivers/BSP/NFC04A1/nfc04a1.c.obj
 .debug_info    0x00001c95      0x7ea CMakeFiles/L-ink_Card.elf.dir/Drivers/STM32L0xx_HAL_Driver/Src/stm32l0xx_hal.c.obj
 .debug_info    0x0000247f      0x926 CMakeFiles/L-ink_Card.elf.dir/Drivers/STM32L0xx_HAL_Driver/Src/stm32l0xx_hal_cortex.c.obj
 .debug_info    0x00002da5      0x720 CMakeFiles/L-ink_Card.elf.dir/Drivers/STM32L0xx_HAL_Driver/Src/stm32l0xx_hal_gpio.c.obj
 .debug_info    0x000034c5      0x942 CMakeFiles/L-ink_Card.elf.dir/Drivers/STM32L0xx_HAL_Driver/Src/stm32l0xx_hal_rcc.c.obj
 .debug_info    0x00003e07      0x526 CMakeFiles/L-ink_Card.elf.dir/Drivers/STM32L0xx_HAL_Driver/Src/stm32l0xx_hal_rcc_ex.c.obj
 .debug_info    0x0000432d     0x165a CMakeFiles/L-ink_Card.elf.dir/Drivers/STM32L0xx_HAL_Driver/Src/stm32l0xx_hal_uart.c.obj
 .debug_info    0x00005987      0xa6b CMakeFiles/L-ink_Card.elf.dir/Src/gpio.c.obj
 .debug_info    0x000063f2     0x161b CMakeFiles/L-ink_Card.elf.dir/Src/main.c.obj
 .debug_info    0x00007a0d      0x2e6 CMakeFiles/L-ink_Card.elf.dir/Src/stm32l0xx_hal_exti.c.obj
 .debug_info    0x00007cf3      0x820 CMakeFiles/L-ink_Card.elf.dir/Src/stm32l0xx_hal_msp.c.obj
 .debug_info    0x00008513      0x73d CMakeFiles/L-ink_Card.elf.dir/Src/stm32l0xx_it.c.obj
 .debug_info    0x00008c50     0x100f CMakeFiles/L-ink_Card.elf.dir/Src/syscalls.c.obj
 .debug_info    0x00009c5f      0x3bb CMakeFiles/L-ink_Card.elf.dir/Src/system_stm32l0xx.c.obj
 .debug_info    0x0000a01a      0xcbe CMakeFiles/L-ink_Card.elf.dir/Src/usart.c.obj
 .debug_info    0x0000acd8       0x22 CMakeFiles/L-ink_Card.elf.dir/startup/startup_stm32l051xx.s.obj

.debug_abbrev   0x00000000     0x1fbf
 .debug_abbrev  0x00000000      0x2b2 CMakeFiles/L-ink_Card.elf.dir/Drivers/BSP/E-Paper-Display/epd_w21.c.obj
 .debug_abbrev  0x000002b2      0x20b CMakeFiles/L-ink_Card.elf.dir/Drivers/BSP/NFC04A1/nfc04a1.c.obj
 .debug_abbrev  0x000004bd      0x246 CMakeFiles/L-ink_Card.elf.dir/Drivers/STM32L0xx_HAL_Driver/Src/stm32l0xx_hal.c.obj
 .debug_abbrev  0x00000703      0x294 CMakeFiles/L-ink_Card.elf.dir/Drivers/STM32L0xx_HAL_Driver/Src/stm32l0xx_hal_cortex.c.obj
 .debug_abbrev  0x00000997      0x1e5 CMakeFiles/L-ink_Card.elf.dir/Drivers/STM32L0xx_HAL_Driver/Src/stm32l0xx_hal_gpio.c.obj
 .debug_abbrev  0x00000b7c      0x243 CMakeFiles/L-ink_Card.elf.dir/Drivers/STM32L0xx_HAL_Driver/Src/stm32l0xx_hal_rcc.c.obj
 .debug_abbrev  0x00000dbf      0x1f5 CMakeFiles/L-ink_Card.elf.dir/Drivers/STM32L0xx_HAL_Driver/Src/stm32l0xx_hal_rcc_ex.c.obj
 .debug_abbrev  0x00000fb4      0x23d CMakeFiles/L-ink_Card.elf.dir/Drivers/STM32L0xx_HAL_Driver/Src/stm32l0xx_hal_uart.c.obj
 .debug_abbrev  0x000011f1      0x197 CMakeFiles/L-ink_Card.elf.dir/Src/gpio.c.obj
 .debug_abbrev  0x00001388      0x257 CMakeFiles/L-ink_Card.elf.dir/Src/main.c.obj
 .debug_abbrev  0x000015df      0x154 CMakeFiles/L-ink_Card.elf.dir/Src/stm32l0xx_hal_exti.c.obj
 .debug_abbrev  0x00001733      0x169 CMakeFiles/L-ink_Card.elf.dir/Src/stm32l0xx_hal_msp.c.obj
 .debug_abbrev  0x0000189c      0x183 CMakeFiles/L-ink_Card.elf.dir/Src/stm32l0xx_it.c.obj
 .debug_abbrev  0x00001a1f      0x2a9 CMakeFiles/L-ink_Card.elf.dir/Src/syscalls.c.obj
 .debug_abbrev  0x00001cc8      0x126 CMakeFiles/L-ink_Card.elf.dir/Src/system_stm32l0xx.c.obj
 .debug_abbrev  0x00001dee      0x1bf CMakeFiles/L-ink_Card.elf.dir/Src/usart.c.obj
 .debug_abbrev  0x00001fad       0x12 CMakeFiles/L-ink_Card.elf.dir/startup/startup_stm32l051xx.s.obj

.debug_aranges  0x00000000      0x820
 .debug_aranges
                0x00000000       0x98 CMakeFiles/L-ink_Card.elf.dir/Drivers/BSP/E-Paper-Display/epd_w21.c.obj
 .debug_aranges
                0x00000098       0x70 CMakeFiles/L-ink_Card.elf.dir/Drivers/BSP/NFC04A1/nfc04a1.c.obj
 .debug_aranges
                0x00000108       0xf8 CMakeFiles/L-ink_Card.elf.dir/Drivers/STM32L0xx_HAL_Driver/Src/stm32l0xx_hal.c.obj
 .debug_aranges
                0x00000200       0xd8 CMakeFiles/L-ink_Card.elf.dir/Drivers/STM32L0xx_HAL_Driver/Src/stm32l0xx_hal_cortex.c.obj
 .debug_aranges
                0x000002d8       0x58 CMakeFiles/L-ink_Card.elf.dir/Drivers/STM32L0xx_HAL_Driver/Src/stm32l0xx_hal_gpio.c.obj
 .debug_aranges
                0x00000330       0x80 CMakeFiles/L-ink_Card.elf.dir/Drivers/STM32L0xx_HAL_Driver/Src/stm32l0xx_hal_rcc.c.obj
 .debug_aranges
                0x000003b0       0x58 CMakeFiles/L-ink_Card.elf.dir/Drivers/STM32L0xx_HAL_Driver/Src/stm32l0xx_hal_rcc_ex.c.obj
 .debug_aranges
                0x00000408      0x1f8 CMakeFiles/L-ink_Card.elf.dir/Drivers/STM32L0xx_HAL_Driver/Src/stm32l0xx_hal_uart.c.obj
 .debug_aranges
                0x00000600       0x20 CMakeFiles/L-ink_Card.elf.dir/Src/gpio.c.obj
 .debug_aranges
                0x00000620       0x38 CMakeFiles/L-ink_Card.elf.dir/Src/main.c.obj
 .debug_aranges
                0x00000658       0x30 CMakeFiles/L-ink_Card.elf.dir/Src/stm32l0xx_hal_exti.c.obj
 .debug_aranges
                0x00000688       0x20 CMakeFiles/L-ink_Card.elf.dir/Src/stm32l0xx_hal_msp.c.obj
 .debug_aranges
                0x000006a8       0x48 CMakeFiles/L-ink_Card.elf.dir/Src/stm32l0xx_it.c.obj
 .debug_aranges
                0x000006f0       0xb0 CMakeFiles/L-ink_Card.elf.dir/Src/syscalls.c.obj
 .debug_aranges
                0x000007a0       0x28 CMakeFiles/L-ink_Card.elf.dir/Src/system_stm32l0xx.c.obj
 .debug_aranges
                0x000007c8       0x30 CMakeFiles/L-ink_Card.elf.dir/Src/usart.c.obj
 .debug_aranges
                0x000007f8       0x28 CMakeFiles/L-ink_Card.elf.dir/startup/startup_stm32l051xx.s.obj

.debug_ranges   0x00000000      0x718
 .debug_ranges  0x00000000       0x88 CMakeFiles/L-ink_Card.elf.dir/Drivers/BSP/E-Paper-Display/epd_w21.c.obj
 .debug_ranges  0x00000088       0x60 CMakeFiles/L-ink_Card.elf.dir/Drivers/BSP/NFC04A1/nfc04a1.c.obj
 .debug_ranges  0x000000e8       0xe8 CMakeFiles/L-ink_Card.elf.dir/Drivers/STM32L0xx_HAL_Driver/Src/stm32l0xx_hal.c.obj
 .debug_ranges  0x000001d0       0xc8 CMakeFiles/L-ink_Card.elf.dir/Drivers/STM32L0xx_HAL_Driver/Src/stm32l0xx_hal_cortex.c.obj
 .debug_ranges  0x00000298       0x48 CMakeFiles/L-ink_Card.elf.dir/Drivers/STM32L0xx_HAL_Driver/Src/stm32l0xx_hal_gpio.c.obj
 .debug_ranges  0x000002e0       0x70 CMakeFiles/L-ink_Card.elf.dir/Drivers/STM32L0xx_HAL_Driver/Src/stm32l0xx_hal_rcc.c.obj
 .debug_ranges  0x00000350       0x48 CMakeFiles/L-ink_Card.elf.dir/Drivers/STM32L0xx_HAL_Driver/Src/stm32l0xx_hal_rcc_ex.c.obj
 .debug_ranges  0x00000398      0x1e8 CMakeFiles/L-ink_Card.elf.dir/Drivers/STM32L0xx_HAL_Driver/Src/stm32l0xx_hal_uart.c.obj
 .debug_ranges  0x00000580       0x10 CMakeFiles/L-ink_Card.elf.dir/Src/gpio.c.obj
 .debug_ranges  0x00000590       0x28 CMakeFiles/L-ink_Card.elf.dir/Src/main.c.obj
 .debug_ranges  0x000005b8       0x20 CMakeFiles/L-ink_Card.elf.dir/Src/stm32l0xx_hal_exti.c.obj
 .debug_ranges  0x000005d8       0x10 CMakeFiles/L-ink_Card.elf.dir/Src/stm32l0xx_hal_msp.c.obj
 .debug_ranges  0x000005e8       0x38 CMakeFiles/L-ink_Card.elf.dir/Src/stm32l0xx_it.c.obj
 .debug_ranges  0x00000620       0xa0 CMakeFiles/L-ink_Card.elf.dir/Src/syscalls.c.obj
 .debug_ranges  0x000006c0       0x18 CMakeFiles/L-ink_Card.elf.dir/Src/system_stm32l0xx.c.obj
 .debug_ranges  0x000006d8       0x20 CMakeFiles/L-ink_Card.elf.dir/Src/usart.c.obj
 .debug_ranges  0x000006f8       0x20 CMakeFiles/L-ink_Card.elf.dir/startup/startup_stm32l051xx.s.obj

.debug_line     0x00000000     0x6275
 .debug_line    0x00000000      0x5c2 CMakeFiles/L-ink_Card.elf.dir/Drivers/BSP/E-Paper-Display/epd_w21.c.obj
 .debug_line    0x000005c2      0x4b4 CMakeFiles/L-ink_Card.elf.dir/Drivers/BSP/NFC04A1/nfc04a1.c.obj
 .debug_line    0x00000a76      0x5ab CMakeFiles/L-ink_Card.elf.dir/Drivers/STM32L0xx_HAL_Driver/Src/stm32l0xx_hal.c.obj
 .debug_line    0x00001021      0x6e5 CMakeFiles/L-ink_Card.elf.dir/Drivers/STM32L0xx_HAL_Driver/Src/stm32l0xx_hal_cortex.c.obj
 .debug_line    0x00001706      0x657 CMakeFiles/L-ink_Card.elf.dir/Drivers/STM32L0xx_HAL_Driver/Src/stm32l0xx_hal_gpio.c.obj
 .debug_line    0x00001d5d      0x9dc CMakeFiles/L-ink_Card.elf.dir/Drivers/STM32L0xx_HAL_Driver/Src/stm32l0xx_hal_rcc.c.obj
 .debug_line    0x00002739      0x661 CMakeFiles/L-ink_Card.elf.dir/Drivers/STM32L0xx_HAL_Driver/Src/stm32l0xx_hal_rcc_ex.c.obj
 .debug_line    0x00002d9a     0x1736 CMakeFiles/L-ink_Card.elf.dir/Drivers/STM32L0xx_HAL_Driver/Src/stm32l0xx_hal_uart.c.obj
 .debug_line    0x000044d0      0x35a CMakeFiles/L-ink_Card.elf.dir/Src/gpio.c.obj
 .debug_line    0x0000482a      0x4b5 CMakeFiles/L-ink_Card.elf.dir/Src/main.c.obj
 .debug_line    0x00004cdf      0x321 CMakeFiles/L-ink_Card.elf.dir/Src/stm32l0xx_hal_exti.c.obj
 .debug_line    0x00005000      0x2fc CMakeFiles/L-ink_Card.elf.dir/Src/stm32l0xx_hal_msp.c.obj
 .debug_line    0x000052fc      0x360 CMakeFiles/L-ink_Card.elf.dir/Src/stm32l0xx_it.c.obj
 .debug_line    0x0000565c      0x43f CMakeFiles/L-ink_Card.elf.dir/Src/syscalls.c.obj
 .debug_line    0x00005a9b      0x37b CMakeFiles/L-ink_Card.elf.dir/Src/system_stm32l0xx.c.obj
 .debug_line    0x00005e16      0x399 CMakeFiles/L-ink_Card.elf.dir/Src/usart.c.obj
 .debug_line    0x000061af       0xc6 CMakeFiles/L-ink_Card.elf.dir/startup/startup_stm32l051xx.s.obj

.debug_str      0x00000000     0x2f8f
 .debug_str     0x00000000      0x889 CMakeFiles/L-ink_Card.elf.dir/Drivers/BSP/E-Paper-Display/epd_w21.c.obj
                                0x93b (size before relaxing)
 .debug_str     0x00000889      0x8b6 CMakeFiles/L-ink_Card.elf.dir/Drivers/BSP/NFC04A1/nfc04a1.c.obj
                                0xbc8 (size before relaxing)
 .debug_str     0x0000113f      0x432 CMakeFiles/L-ink_Card.elf.dir/Drivers/STM32L0xx_HAL_Driver/Src/stm32l0xx_hal.c.obj
                                0x815 (size before relaxing)
 .debug_str     0x00001571      0x349 CMakeFiles/L-ink_Card.elf.dir/Drivers/STM32L0xx_HAL_Driver/Src/stm32l0xx_hal_cortex.c.obj
                                0x7c0 (size before relaxing)
 .debug_str     0x000018ba      0x15f CMakeFiles/L-ink_Card.elf.dir/Drivers/STM32L0xx_HAL_Driver/Src/stm32l0xx_hal_gpio.c.obj
                                0x538 (size before relaxing)
 .debug_str     0x00001a19      0x366 CMakeFiles/L-ink_Card.elf.dir/Drivers/STM32L0xx_HAL_Driver/Src/stm32l0xx_hal_rcc.c.obj
                                0x726 (size before relaxing)
 .debug_str     0x00001d7f      0x232 CMakeFiles/L-ink_Card.elf.dir/Drivers/STM32L0xx_HAL_Driver/Src/stm32l0xx_hal_rcc_ex.c.obj
                                0x578 (size before relaxing)
 .debug_str     0x00001fb1      0x8e7 CMakeFiles/L-ink_Card.elf.dir/Drivers/STM32L0xx_HAL_Driver/Src/stm32l0xx_hal_uart.c.obj
                                0xe3b (size before relaxing)
 .debug_str     0x00002898       0x5e CMakeFiles/L-ink_Card.elf.dir/Src/gpio.c.obj
                                0xa0b (size before relaxing)
 .debug_str     0x000028f6       0x98 CMakeFiles/L-ink_Card.elf.dir/Src/main.c.obj
                                0xfe5 (size before relaxing)
 .debug_str     0x0000298e       0xef CMakeFiles/L-ink_Card.elf.dir/Src/stm32l0xx_hal_exti.c.obj
                                0x3a6 (size before relaxing)
 .debug_str     0x00002a7d       0x5e CMakeFiles/L-ink_Card.elf.dir/Src/stm32l0xx_hal_msp.c.obj
                                0x81c (size before relaxing)
 .debug_str     0x00002adb       0xb5 CMakeFiles/L-ink_Card.elf.dir/Src/stm32l0xx_it.c.obj
                                0x7cf (size before relaxing)
 .debug_str     0x00002b90      0x27d CMakeFiles/L-ink_Card.elf.dir/Src/syscalls.c.obj
                                0x8d4 (size before relaxing)
 .debug_str     0x00002e0d       0x9f CMakeFiles/L-ink_Card.elf.dir/Src/system_stm32l0xx.c.obj
                                0x38a (size before relaxing)
 .debug_str     0x00002eac       0x71 CMakeFiles/L-ink_Card.elf.dir/Src/usart.c.obj
                                0xa8b (size before relaxing)
 .debug_str     0x00002f1d       0x72 CMakeFiles/L-ink_Card.elf.dir/startup/startup_stm32l051xx.s.obj
                                 0xca (size before relaxing)

.comment        0x00000000       0x79
 .comment       0x00000000       0x79 CMakeFiles/L-ink_Card.elf.dir/Drivers/BSP/E-Paper-Display/epd_w21.c.obj
                                 0x7a (size before relaxing)
 .comment       0x00000079       0x7a CMakeFiles/L-ink_Card.elf.dir/Drivers/BSP/NFC04A1/nfc04a1.c.obj
 .comment       0x00000079       0x7a CMakeFiles/L-ink_Card.elf.dir/Drivers/STM32L0xx_HAL_Driver/Src/stm32l0xx_hal.c.obj
 .comment       0x00000079       0x7a CMakeFiles/L-ink_Card.elf.dir/Drivers/STM32L0xx_HAL_Driver/Src/stm32l0xx_hal_cortex.c.obj
 .comment       0x00000079       0x7a CMakeFiles/L-ink_Card.elf.dir/Drivers/STM32L0xx_HAL_Driver/Src/stm32l0xx_hal_gpio.c.obj
 .comment       0x00000079       0x7a CMakeFiles/L-ink_Card.elf.dir/Drivers/STM32L0xx_HAL_Driver/Src/stm32l0xx_hal_rcc.c.obj
 .comment       0x00000079       0x7a CMakeFiles/L-ink_Card.elf.dir/Drivers/STM32L0xx_HAL_Driver/Src/stm32l0xx_hal_rcc_ex.c.obj
 .comment       0x00000079       0x7a CMakeFiles/L-ink_Card.elf.dir/Drivers/STM32L0xx_HAL_Driver/Src/stm32l0xx_hal_uart.c.obj
 .comment       0x00000079       0x7a CMakeFiles/L-ink_Card.elf.dir/Src/gpio.c.obj
 .comment       0x00000079       0x7a CMakeFiles/L-ink_Card.elf.dir/Src/main.c.obj
 .comment       0x00000079       0x7a CMakeFiles/L-ink_Card.elf.dir/Src/stm32l0xx_hal_exti.c.obj
 .comment       0x00000079       0x7a CMakeFiles/L-ink_Card.elf.dir/Src/stm32l0xx_hal_msp.c.obj
 .comment       0x00000079       0x7a CMakeFiles/L-ink_Card.elf.dir/Src/stm32l0xx_it.c.obj
 .comment       0x00000079       0x7a CMakeFiles/L-ink_Card.elf.dir/Src/syscalls.c.obj
 .comment       0x00000079       0x7a CMakeFiles/L-ink_Card.elf.dir/Src/system_stm32l0xx.c.obj
 .comment       0x00000079       0x7a CMakeFiles/L-ink_Card.elf.dir/Src/usart.c.obj

.debug_frame    0x00000000     0x2140
 .debug_frame   0x00000000      0x1f0 CMakeFiles/L-ink_Card.elf.dir/Drivers/BSP/E-Paper-Display/epd_w21.c.obj
 .debug_frame   0x000001f0      0x154 CMakeFiles/L-ink_Card.elf.dir/Drivers/BSP/NFC04A1/nfc04a1.c.obj
 .debug_frame   0x00000344      0x338 CMakeFiles/L-ink_Card.elf.dir/Drivers/STM32L0xx_HAL_Driver/Src/stm32l0xx_hal.c.obj
 .debug_frame   0x0000067c      0x2fc CMakeFiles/L-ink_Card.elf.dir/Drivers/STM32L0xx_HAL_Driver/Src/stm32l0xx_hal_cortex.c.obj
 .debug_frame   0x00000978      0x110 CMakeFiles/L-ink_Card.elf.dir/Drivers/STM32L0xx_HAL_Driver/Src/stm32l0xx_hal_gpio.c.obj
 .debug_frame   0x00000a88      0x1a4 CMakeFiles/L-ink_Card.elf.dir/Drivers/STM32L0xx_HAL_Driver/Src/stm32l0xx_hal_rcc.c.obj
 .debug_frame   0x00000c2c       0xfc CMakeFiles/L-ink_Card.elf.dir/Drivers/STM32L0xx_HAL_Driver/Src/stm32l0xx_hal_rcc_ex.c.obj
 .debug_frame   0x00000d28      0x794 CMakeFiles/L-ink_Card.elf.dir/Drivers/STM32L0xx_HAL_Driver/Src/stm32l0xx_hal_uart.c.obj
 .debug_frame   0x000014bc       0x30 CMakeFiles/L-ink_Card.elf.dir/Src/gpio.c.obj
 .debug_frame   0x000014ec       0x88 CMakeFiles/L-ink_Card.elf.dir/Src/main.c.obj
 .debug_frame   0x00001574       0x70 CMakeFiles/L-ink_Card.elf.dir/Src/stm32l0xx_hal_exti.c.obj
 .debug_frame   0x000015e4       0x2c CMakeFiles/L-ink_Card.elf.dir/Src/stm32l0xx_hal_msp.c.obj
 .debug_frame   0x00001610       0xb8 CMakeFiles/L-ink_Card.elf.dir/Src/stm32l0xx_it.c.obj
 .debug_frame   0x000016c8      0x264 CMakeFiles/L-ink_Card.elf.dir/Src/syscalls.c.obj
 .debug_frame   0x0000192c       0x4c CMakeFiles/L-ink_Card.elf.dir/Src/system_stm32l0xx.c.obj
 .debug_frame   0x00001978       0x6c CMakeFiles/L-ink_Card.elf.dir/Src/usart.c.obj
 .debug_frame   0x000019e4       0x20 f:/program files/gcc-arm/bin/../lib/gcc/arm-none-eabi/9.2.1/thumb/v6-m/nofp\libgcc.a(_udivsi3.o)
 .debug_frame   0x00001a04       0x3c f:/program files/gcc-arm/bin/../lib/gcc/arm-none-eabi/9.2.1/thumb/v6-m/nofp\libgcc.a(_udivmoddi4.o)
 .debug_frame   0x00001a40       0x20 f:/program files/gcc-arm/bin/../lib/gcc/arm-none-eabi/9.2.1/../../../../arm-none-eabi/lib/thumb/v6-m/nofp\libg_nano.a(lib_a-errno.o)
 .debug_frame   0x00001a60       0x2c f:/program files/gcc-arm/bin/../lib/gcc/arm-none-eabi/9.2.1/../../../../arm-none-eabi/lib/thumb/v6-m/nofp\libg_nano.a(lib_a-init.o)
 .debug_frame   0x00001a8c       0x20 f:/program files/gcc-arm/bin/../lib/gcc/arm-none-eabi/9.2.1/../../../../arm-none-eabi/lib/thumb/v6-m/nofp\libg_nano.a(lib_a-memset.o)
 .debug_frame   0x00001aac       0x44 f:/program files/gcc-arm/bin/../lib/gcc/arm-none-eabi/9.2.1/../../../../arm-none-eabi/lib/thumb/v6-m/nofp\libg_nano.a(lib_a-puts.o)
 .debug_frame   0x00001af0       0x48 f:/program files/gcc-arm/bin/../lib/gcc/arm-none-eabi/9.2.1/../../../../arm-none-eabi/lib/thumb/v6-m/nofp\libg_nano.a(lib_a-wbuf.o)
 .debug_frame   0x00001b38       0x2c f:/program files/gcc-arm/bin/../lib/gcc/arm-none-eabi/9.2.1/../../../../arm-none-eabi/lib/thumb/v6-m/nofp\libg_nano.a(lib_a-wsetup.o)
 .debug_frame   0x00001b64       0x68 f:/program files/gcc-arm/bin/../lib/gcc/arm-none-eabi/9.2.1/../../../../arm-none-eabi/lib/thumb/v6-m/nofp\libg_nano.a(lib_a-fflush.o)
 .debug_frame   0x00001bcc      0x170 f:/program files/gcc-arm/bin/../lib/gcc/arm-none-eabi/9.2.1/../../../../arm-none-eabi/lib/thumb/v6-m/nofp\libg_nano.a(lib_a-findfp.o)
 .debug_frame   0x00001d3c       0x58 f:/program files/gcc-arm/bin/../lib/gcc/arm-none-eabi/9.2.1/../../../../arm-none-eabi/lib/thumb/v6-m/nofp\libg_nano.a(lib_a-fwalk.o)
 .debug_frame   0x00001d94       0xb0 f:/program files/gcc-arm/bin/../lib/gcc/arm-none-eabi/9.2.1/../../../../arm-none-eabi/lib/thumb/v6-m/nofp\libg_nano.a(lib_a-lock.o)
 .debug_frame   0x00001e44       0x54 f:/program files/gcc-arm/bin/../lib/gcc/arm-none-eabi/9.2.1/../../../../arm-none-eabi/lib/thumb/v6-m/nofp\libg_nano.a(lib_a-makebuf.o)
 .debug_frame   0x00001e98       0x2c f:/program files/gcc-arm/bin/../lib/gcc/arm-none-eabi/9.2.1/../../../../arm-none-eabi/lib/thumb/v6-m/nofp\libg_nano.a(lib_a-nano-freer.o)
 .debug_frame   0x00001ec4       0x30 f:/program files/gcc-arm/bin/../lib/gcc/arm-none-eabi/9.2.1/../../../../arm-none-eabi/lib/thumb/v6-m/nofp\libg_nano.a(lib_a-nano-mallocr.o)
 .debug_frame   0x00001ef4       0x2c f:/program files/gcc-arm/bin/../lib/gcc/arm-none-eabi/9.2.1/../../../../arm-none-eabi/lib/thumb/v6-m/nofp\libg_nano.a(lib_a-sbrkr.o)
 .debug_frame   0x00001f20       0x90 f:/program files/gcc-arm/bin/../lib/gcc/arm-none-eabi/9.2.1/../../../../arm-none-eabi/lib/thumb/v6-m/nofp\libg_nano.a(lib_a-stdio.o)
 .debug_frame   0x00001fb0       0x2c f:/program files/gcc-arm/bin/../lib/gcc/arm-none-eabi/9.2.1/../../../../arm-none-eabi/lib/thumb/v6-m/nofp\libg_nano.a(lib_a-writer.o)
 .debug_frame   0x00001fdc       0x2c f:/program files/gcc-arm/bin/../lib/gcc/arm-none-eabi/9.2.1/../../../../arm-none-eabi/lib/thumb/v6-m/nofp\libg_nano.a(lib_a-closer.o)
 .debug_frame   0x00002008       0x2c f:/program files/gcc-arm/bin/../lib/gcc/arm-none-eabi/9.2.1/../../../../arm-none-eabi/lib/thumb/v6-m/nofp\libg_nano.a(lib_a-fstatr.o)
 .debug_frame   0x00002034       0x2c f:/program files/gcc-arm/bin/../lib/gcc/arm-none-eabi/9.2.1/../../../../arm-none-eabi/lib/thumb/v6-m/nofp\libg_nano.a(lib_a-isattyr.o)
 .debug_frame   0x00002060       0x2c f:/program files/gcc-arm/bin/../lib/gcc/arm-none-eabi/9.2.1/../../../../arm-none-eabi/lib/thumb/v6-m/nofp\libg_nano.a(lib_a-lseekr.o)
 .debug_frame   0x0000208c       0x40 f:/program files/gcc-arm/bin/../lib/gcc/arm-none-eabi/9.2.1/../../../../arm-none-eabi/lib/thumb/v6-m/nofp\libg_nano.a(lib_a-mlock.o)
 .debug_frame   0x000020cc       0x2c f:/program files/gcc-arm/bin/../lib/gcc/arm-none-eabi/9.2.1/../../../../arm-none-eabi/lib/thumb/v6-m/nofp\libg_nano.a(lib_a-readr.o)
 .debug_frame   0x000020f8       0x48 f:/program files/gcc-arm/bin/../lib/gcc/arm-none-eabi/9.2.1/../../../../arm-none-eabi/lib/thumb/v6-m/nofp\libg_nano.a(lib_a-reent.o)
